// Jest Snapshot v1, https://goo.gl/fbAQLP

exports[`MainScreenEmpty correctly renders 1`] = `
<div
  className="page page--gray page--main"
>
  <main
    className="page__main page__main--index page__main--index-empty"
  >
    <h1
      className="visually-hidden"
    >
      Cities
    </h1>
    <div
      className="cities tabs"
    >
      <section
        className="locations container"
      >
        <ul
          className="locations__list tabs__list"
        >
          <li
            className="locations__item"
          >
            <a
              className="locations__item-link tabs__item tabs__item--active"
              href="#"
              onClick={[Function]}
            >
              <span>
                Amsterdam
              </span>
            </a>
          </li>
          <li
            className="locations__item"
          >
            <a
              className="locations__item-link tabs__item "
              href="#"
              onClick={[Function]}
            >
              <span>
                Amsterdam2
              </span>
            </a>
          </li>
        </ul>
      </section>
    </div>
    <div
      className="cities__places-wrapper"
    >
      <div
        className="cities__places-container cities__places-container--empty container"
      >
        <section
          className="cities__no-places"
        >
          <div
            className="cities__status-wrapper tabs__content"
          >
            <b
              className="cities__status"
            >
              No places to stay available
            </b>
            <p
              className="cities__status-description"
            >
              We could not find any property available at the moment in 
              Amsterdam
            </p>
          </div>
        </section>
        <div
          className="cities__right-section"
        />
      </div>
    </div>
  </main>
</div>
`;
