// Jest Snapshot v1, https://goo.gl/fbAQLP

exports[`App Component App correctly renders 1`] = `
<Fragment>
  <ConnectFunction />
  <Switch>
    <Route
      exact={true}
      path="/"
      render={[Function]}
    />
    <Route
      path="/login"
      render={[Function]}
    />
    <Route
      path="/favorites"
      render={[Function]}
    />
    <Route
      key="0"
      path="/offer/1"
      render={[Function]}
    />
    <Route
      key="1"
      path="/offer/2"
      render={[Function]}
    />
  </Switch>
</Fragment>
`;
