// Jest Snapshot v1, https://goo.gl/fbAQLP

exports[`PlacesMap renders correctly 1`] = `
<section
  className="Class Name__map map"
>
  <div
    style={
      Object {
        "height": "100%",
      }
    }
  />
</section>
`;
