// Jest Snapshot v1, https://goo.gl/fbAQLP

exports[`PlacesList correctly renders 1`] = `null`;
