// Jest Snapshot v1, https://goo.gl/fbAQLP

exports[`PlaceProperty Component PlaceProperty correctly renders 1`] = `
<main
  className="page__main page__main--property"
>
  <section
    className="property"
  >
    <div
      className="property__gallery-container container"
    >
      <div
        className="property__gallery"
      >
        <div
          className="property__image-wrapper"
          key="0"
        >
          <img
            alt="Photo studio"
            className="property__image"
            src="Img1"
          />
        </div>
        <div
          className="property__image-wrapper"
          key="1"
        >
          <img
            alt="Photo studio"
            className="property__image"
            src="Img2"
          />
        </div>
      </div>
    </div>
    <div
      className="property__container container"
    >
      <div
        className="property__wrapper"
      >
        <div
          className="property__mark"
        >
          <span>
            Premium
          </span>
        </div>
        <div
          className="property__name-wrapper"
        >
          <h1
            className="property__name"
          >
            Test Title
          </h1>
          <button
            className="property__bookmark-button property__bookmark-button--active button"
            onClick={[Function]}
            type="button"
          >
            <svg
              className="property__bookmark-icon"
              height="33"
              width="31"
            >
              <use
                xlinkHref="#icon-bookmark"
              />
            </svg>
            <span
              className="visually-hidden"
            >
              To bookmarks
            </span>
          </button>
        </div>
        <div
          className="property__rating rating"
        >
          <div
            className="property__stars rating__stars"
          >
            <span
              style={
                Object {
                  "width": "60%",
                }
              }
            />
            <span
              className="visually-hidden"
            >
              Rating
            </span>
          </div>
          <span
            className="property__rating-value rating__value"
          >
            3
          </span>
        </div>
        <ul
          className="property__features"
        >
          <li
            className="property__feature property__feature--entire"
          >
            Test Type
          </li>
          <li
            className="property__feature property__feature--bedrooms"
          >
            5
             Bedrooms
          </li>
          <li
            className="property__feature property__feature--adults"
          >
            Max 
            5
             adults
          </li>
        </ul>
        <div
          className="property__price"
        >
          <b
            className="property__price-value"
          >
            €
            200
          </b>
          <span
            className="property__price-text"
          >
             night
          </span>
        </div>
        <div
          className="property__inside"
        >
          <h2
            className="property__inside-title"
          >
            What's inside
          </h2>
          <ul
            className="property__inside-list"
          >
            <li
              className="property__inside-item"
              key="0"
            >
              Good1
            </li>
            <li
              className="property__inside-item"
              key="1"
            >
              Good2
            </li>
          </ul>
        </div>
        <div
          className="property__host"
        >
          <h2
            className="property__host-title"
          >
            Meet the host
          </h2>
          <div
            className="property__host-user user"
          >
            <div
              className="property__avatar-wrapper property__avatar-wrapper--pro user__avatar-wrapper"
            >
              <img
                alt="Host avatar"
                className="property__avatar user__avatar"
                height="74"
                src="testAvatar"
                width="74"
              />
            </div>
            <span
              className="property__user-name"
            >
              testName
            </span>
            <span
              className="property__user-status"
            >
              Pro
            </span>
          </div>
          <div
            className="property__description"
          >
            <p
              className="property__text"
            >
              Test Description
            </p>
          </div>
        </div>
        <ReviewsList
          comments={
            Array [
              Object {
                "comment": "comment",
                "date": "date",
                "rating": 4,
                "user": Object {
                  "avatar": "avatar",
                  "isPro": true,
                  "name": "name",
                },
              },
            ]
          }
          id={1}
          isAuthorizationRequired={true}
        />
      </div>
    </div>
    <PlacesMap
      city="Test City"
      className="property"
      places={
        Array [
          Object {
            "bedrooms": 5,
            "coordinates": Array [
              100,
              300,
            ],
            "description": "Test Description",
            "goods": Array [
              "Good1",
              "Good2",
            ],
            "host": Object {
              "avatar": "testAvatar",
              "isPro": true,
              "name": "testName",
            },
            "id": 1,
            "images": Array [
              "Img1",
              "Img2",
            ],
            "img": "test img",
            "isPremium": true,
            "maxAdults": 5,
            "price": 200,
            "rating": 3.1,
            "title": "Test Title",
            "type": "Test Type",
          },
        ]
      }
    />
  </section>
  <div
    className="container"
  >
    <section
      className="near-places places"
    >
      <h2
        className="near-places__title"
      >
        Other places in the neighbourhood
      </h2>
      <WithActiveItem
        classHelper="near"
        places={
          Array [
            Object {
              "bedrooms": 5,
              "coordinates": Array [
                100,
                300,
              ],
              "description": "Test Description",
              "goods": Array [
                "Good1",
                "Good2",
              ],
              "host": Object {
                "avatar": "testAvatar",
                "isPro": true,
                "name": "testName",
              },
              "id": 1,
              "images": Array [
                "Img1",
                "Img2",
              ],
              "img": "test img",
              "isPremium": true,
              "maxAdults": 5,
              "price": 200,
              "rating": 3.1,
              "title": "Test Title",
              "type": "Test Type",
            },
          ]
        }
      />
    </section>
  </div>
</main>
`;
